{
  "PackageAs": "SomeAddon",
  "ManualChangelog": null,
  "Externals": {
    "libs/AceAddon-3.0": {
      "Url": "https://repos.wowace.com/wow/ace3/trunk/AceAddon-3.0",
      "Tag": ""
    },
    "libs/AceConfig-3.0": {
      "Url": "https://repos.wowace.com/wow/ace3/trunk/AceConfig-3.0",
      "Tag": ""
    },
    "libs/AceConsole-3.0": {
      "Url": "https://repos.wowace.com/wow/ace3/trunk/AceConsole-3.0",
      "Tag": ""
    },
    "libs/AceDB-3.0": {
      "Url": "https://repos.wowace.com/wow/ace3/trunk/AceDB-3.0",
      "Tag": ""
    },
    "libs/AceDBOptions-3.0": {
      "Url": "https://repos.wowace.com/wow/ace3/trunk/AceDBOptions-3.0",
      "Tag": ""
    },
    "libs/AceGUI-3.0": {
      "Url": "https://repos.wowace.com/wow/ace3/trunk/AceGUI-3.0",
      "Tag": ""
    },
    "libs/AceHook-3.0": {
      "Url": "https://repos.wowace.com/wow/ace3/trunk/AceHook-3.0",
      "Tag": ""
    },
    "libs/LibDataBroker-1.1": {
      "Url": "https://github.com/tekkub/libdatabroker-1-1",
      "Tag": ""
    }
  },
  "MoveFolders": {
    "SomeAddon/SomeAddon_Config": "SomeAddon_Config"
  },
  "Ignore": [
    "tests",
    "deploy"
  ],
  "LicenseOutput": "",
  "NoLibCreation": true
}